// Jest Snapshot v1, https://goo.gl/fbAQLP

exports[`MessageList renders correctly 1`] = `"<div class=\\"MuiPaper-root-4 MuiPaper-elevation2-8 MuiPaper-rounded-5 MuiCard-root-3 CardWithStyle-card-2\\"><div class=\\"MuiCardHeader-root-31\\"><div class=\\"MuiCardHeader-content-34\\"><span class=\\"MuiTypography-root-37 MuiTypography-headline-42 MuiCardHeader-title-35\\">Messages</span></div><div class=\\"MuiCardHeader-action-33\\"><a tabindex=\\"0\\" class=\\"MuiButtonBase-root-76 MuiButton-root-61 MessageList-button-1\\" role=\\"button\\" href=\\"null/addMessage\\"><span class=\\"MuiButton-label-62\\"><svg class=\\"MuiSvgIcon-root-78\\" focusable=\\"false\\" viewBox=\\"0 0 24 24\\" aria-hidden=\\"true\\"><path d=\\"M20 2H4c-1.1 0-1.99.9-1.99 2L2 22l4-4h14c1.1 0 2-.9 2-2V4c0-1.1-.9-2-2-2zm-2 12H6v-2h12v2zm0-3H6V9h12v2zm0-3H6V6h12v2z\\"></path></svg></span><span class=\\"MuiTouchRipple-root-84\\"></span></a></div></div><div class=\\"MuiCardContent-root-91\\"><ul class=\\"MuiList-root-92 MuiList-padding-93\\"><li class=\\"MuiListItem-root-96 MuiListItem-default-99 MuiListItem-gutters-103\\"><div class=\\"MuiListItemText-root-106\\"><h3 class=\\"MuiTypography-root-37 MuiTypography-subheading-44 MuiListItemText-primary-109\\">Hey all. Betty is having a wedding.</h3><p class=\\"MuiTypography-root-37 MuiTypography-body1-46 MuiTypography-colorTextSecondary-59 MuiListItemText-secondary-110\\">Fri Jan 05 2018</p></div></li><li class=\\"MuiListItem-root-96 MuiListItem-default-99 MuiListItem-gutters-103\\"><div class=\\"MuiListItemText-root-106\\"><h3 class=\\"MuiTypography-root-37 MuiTypography-subheading-44 MuiListItemText-primary-109\\">Don't forget about Betty's wedding.</h3><p class=\\"MuiTypography-root-37 MuiTypography-body1-46 MuiTypography-colorTextSecondary-59 MuiListItemText-secondary-110\\">Mon Jan 22 2018</p></div></li></ul></div></div>"`;
